Archive member included to satisfy reference by file (symbol)

/usr/local/Cellar/arm-none-eabi-gcc/7-2018-q2-update/gcc/bin/../lib/gcc/arm-none-eabi/7.3.1/../../../../arm-none-eabi/lib/thumb/v7e-m/libc.a(lib_a-exit.o)
                              /usr/local/Cellar/arm-none-eabi-gcc/7-2018-q2-update/gcc/bin/../lib/gcc/arm-none-eabi/7.3.1/../../../../arm-none-eabi/lib/thumb/v7e-m/crt0.o (exit)
/usr/local/Cellar/arm-none-eabi-gcc/7-2018-q2-update/gcc/bin/../lib/gcc/arm-none-eabi/7.3.1/../../../../arm-none-eabi/lib/thumb/v7e-m/libc.a(lib_a-impure.o)
                              /usr/local/Cellar/arm-none-eabi-gcc/7-2018-q2-update/gcc/bin/../lib/gcc/arm-none-eabi/7.3.1/../../../../arm-none-eabi/lib/thumb/v7e-m/libc.a(lib_a-exit.o) (_global_impure_ptr)
/usr/local/Cellar/arm-none-eabi-gcc/7-2018-q2-update/gcc/bin/../lib/gcc/arm-none-eabi/7.3.1/../../../../arm-none-eabi/lib/thumb/v7e-m/libc.a(lib_a-init.o)
                              /usr/local/Cellar/arm-none-eabi-gcc/7-2018-q2-update/gcc/bin/../lib/gcc/arm-none-eabi/7.3.1/../../../../arm-none-eabi/lib/thumb/v7e-m/crt0.o (__libc_init_array)
/usr/local/Cellar/arm-none-eabi-gcc/7-2018-q2-update/gcc/bin/../lib/gcc/arm-none-eabi/7.3.1/../../../../arm-none-eabi/lib/thumb/v7e-m/libc.a(lib_a-memset.o)
                              /usr/local/Cellar/arm-none-eabi-gcc/7-2018-q2-update/gcc/bin/../lib/gcc/arm-none-eabi/7.3.1/../../../../arm-none-eabi/lib/thumb/v7e-m/crt0.o (memset)
/usr/local/Cellar/arm-none-eabi-gcc/7-2018-q2-update/gcc/bin/../lib/gcc/arm-none-eabi/7.3.1/../../../../arm-none-eabi/lib/thumb/v7e-m/libc.a(lib_a-__call_atexit.o)
                              /usr/local/Cellar/arm-none-eabi-gcc/7-2018-q2-update/gcc/bin/../lib/gcc/arm-none-eabi/7.3.1/../../../../arm-none-eabi/lib/thumb/v7e-m/libc.a(lib_a-exit.o) (__call_exitprocs)
/usr/local/Cellar/arm-none-eabi-gcc/7-2018-q2-update/gcc/bin/../lib/gcc/arm-none-eabi/7.3.1/../../../../arm-none-eabi/lib/thumb/v7e-m/libc.a(lib_a-atexit.o)
                              /usr/local/Cellar/arm-none-eabi-gcc/7-2018-q2-update/gcc/bin/../lib/gcc/arm-none-eabi/7.3.1/../../../../arm-none-eabi/lib/thumb/v7e-m/libc.a(lib_a-__call_atexit.o) (atexit)
/usr/local/Cellar/arm-none-eabi-gcc/7-2018-q2-update/gcc/bin/../lib/gcc/arm-none-eabi/7.3.1/../../../../arm-none-eabi/lib/thumb/v7e-m/libc.a(lib_a-fini.o)
                              /usr/local/Cellar/arm-none-eabi-gcc/7-2018-q2-update/gcc/bin/../lib/gcc/arm-none-eabi/7.3.1/../../../../arm-none-eabi/lib/thumb/v7e-m/libc.a(lib_a-__call_atexit.o) (__libc_fini_array)
/usr/local/Cellar/arm-none-eabi-gcc/7-2018-q2-update/gcc/bin/../lib/gcc/arm-none-eabi/7.3.1/../../../../arm-none-eabi/lib/thumb/v7e-m/libc.a(lib_a-lock.o)
                              /usr/local/Cellar/arm-none-eabi-gcc/7-2018-q2-update/gcc/bin/../lib/gcc/arm-none-eabi/7.3.1/../../../../arm-none-eabi/lib/thumb/v7e-m/libc.a(lib_a-__call_atexit.o) (__retarget_lock_acquire_recursive)
/usr/local/Cellar/arm-none-eabi-gcc/7-2018-q2-update/gcc/bin/../lib/gcc/arm-none-eabi/7.3.1/../../../../arm-none-eabi/lib/thumb/v7e-m/libc.a(lib_a-__atexit.o)
                              /usr/local/Cellar/arm-none-eabi-gcc/7-2018-q2-update/gcc/bin/../lib/gcc/arm-none-eabi/7.3.1/../../../../arm-none-eabi/lib/thumb/v7e-m/libc.a(lib_a-atexit.o) (__register_exitproc)

Allocating common symbols
Common symbol       size              file

__lock___atexit_recursive_mutex
                    0x1               /usr/local/Cellar/arm-none-eabi-gcc/7-2018-q2-update/gcc/bin/../lib/gcc/arm-none-eabi/7.3.1/../../../../arm-none-eabi/lib/thumb/v7e-m/libc.a(lib_a-lock.o)
__lock___arc4random_mutex
                    0x1               /usr/local/Cellar/arm-none-eabi-gcc/7-2018-q2-update/gcc/bin/../lib/gcc/arm-none-eabi/7.3.1/../../../../arm-none-eabi/lib/thumb/v7e-m/libc.a(lib_a-lock.o)
__lock___env_recursive_mutex
                    0x1               /usr/local/Cellar/arm-none-eabi-gcc/7-2018-q2-update/gcc/bin/../lib/gcc/arm-none-eabi/7.3.1/../../../../arm-none-eabi/lib/thumb/v7e-m/libc.a(lib_a-lock.o)
__lock___sinit_recursive_mutex
                    0x1               /usr/local/Cellar/arm-none-eabi-gcc/7-2018-q2-update/gcc/bin/../lib/gcc/arm-none-eabi/7.3.1/../../../../arm-none-eabi/lib/thumb/v7e-m/libc.a(lib_a-lock.o)
__lock___malloc_recursive_mutex
                    0x1               /usr/local/Cellar/arm-none-eabi-gcc/7-2018-q2-update/gcc/bin/../lib/gcc/arm-none-eabi/7.3.1/../../../../arm-none-eabi/lib/thumb/v7e-m/libc.a(lib_a-lock.o)
__lock___at_quick_exit_mutex
                    0x1               /usr/local/Cellar/arm-none-eabi-gcc/7-2018-q2-update/gcc/bin/../lib/gcc/arm-none-eabi/7.3.1/../../../../arm-none-eabi/lib/thumb/v7e-m/libc.a(lib_a-lock.o)
__lock___dd_hash_mutex
                    0x1               /usr/local/Cellar/arm-none-eabi-gcc/7-2018-q2-update/gcc/bin/../lib/gcc/arm-none-eabi/7.3.1/../../../../arm-none-eabi/lib/thumb/v7e-m/libc.a(lib_a-lock.o)
__lock___tz_mutex   0x1               /usr/local/Cellar/arm-none-eabi-gcc/7-2018-q2-update/gcc/bin/../lib/gcc/arm-none-eabi/7.3.1/../../../../arm-none-eabi/lib/thumb/v7e-m/libc.a(lib_a-lock.o)
__lock___sfp_recursive_mutex
                    0x1               /usr/local/Cellar/arm-none-eabi-gcc/7-2018-q2-update/gcc/bin/../lib/gcc/arm-none-eabi/7.3.1/../../../../arm-none-eabi/lib/thumb/v7e-m/libc.a(lib_a-lock.o)

Discarded input sections

 .text          0x0000000000000000        0x0 /usr/local/Cellar/arm-none-eabi-gcc/7-2018-q2-update/gcc/bin/../lib/gcc/arm-none-eabi/7.3.1/thumb/v7e-m/crti.o
 .data          0x0000000000000000        0x0 /usr/local/Cellar/arm-none-eabi-gcc/7-2018-q2-update/gcc/bin/../lib/gcc/arm-none-eabi/7.3.1/thumb/v7e-m/crti.o
 .bss           0x0000000000000000        0x0 /usr/local/Cellar/arm-none-eabi-gcc/7-2018-q2-update/gcc/bin/../lib/gcc/arm-none-eabi/7.3.1/thumb/v7e-m/crti.o
 .text          0x0000000000000000       0x40 /usr/local/Cellar/arm-none-eabi-gcc/7-2018-q2-update/gcc/bin/../lib/gcc/arm-none-eabi/7.3.1/thumb/v7e-m/crtbegin.o
 .data          0x0000000000000000        0x4 /usr/local/Cellar/arm-none-eabi-gcc/7-2018-q2-update/gcc/bin/../lib/gcc/arm-none-eabi/7.3.1/thumb/v7e-m/crtbegin.o
 .bss           0x0000000000000000       0x1c /usr/local/Cellar/arm-none-eabi-gcc/7-2018-q2-update/gcc/bin/../lib/gcc/arm-none-eabi/7.3.1/thumb/v7e-m/crtbegin.o
 .init_array    0x0000000000000000        0x4 /usr/local/Cellar/arm-none-eabi-gcc/7-2018-q2-update/gcc/bin/../lib/gcc/arm-none-eabi/7.3.1/thumb/v7e-m/crtbegin.o
 .fini_array    0x0000000000000000        0x4 /usr/local/Cellar/arm-none-eabi-gcc/7-2018-q2-update/gcc/bin/../lib/gcc/arm-none-eabi/7.3.1/thumb/v7e-m/crtbegin.o
 .eh_frame      0x0000000000000000        0x0 /usr/local/Cellar/arm-none-eabi-gcc/7-2018-q2-update/gcc/bin/../lib/gcc/arm-none-eabi/7.3.1/thumb/v7e-m/crtbegin.o
 .ARM.attributes
                0x0000000000000000       0x2e /usr/local/Cellar/arm-none-eabi-gcc/7-2018-q2-update/gcc/bin/../lib/gcc/arm-none-eabi/7.3.1/thumb/v7e-m/crtbegin.o
 .text          0x0000000000000000       0x74 /usr/local/Cellar/arm-none-eabi-gcc/7-2018-q2-update/gcc/bin/../lib/gcc/arm-none-eabi/7.3.1/../../../../arm-none-eabi/lib/thumb/v7e-m/crt0.o
 .data          0x0000000000000000        0x0 /usr/local/Cellar/arm-none-eabi-gcc/7-2018-q2-update/gcc/bin/../lib/gcc/arm-none-eabi/7.3.1/../../../../arm-none-eabi/lib/thumb/v7e-m/crt0.o
 .bss           0x0000000000000000        0x0 /usr/local/Cellar/arm-none-eabi-gcc/7-2018-q2-update/gcc/bin/../lib/gcc/arm-none-eabi/7.3.1/../../../../arm-none-eabi/lib/thumb/v7e-m/crt0.o
 .ARM.extab     0x0000000000000000        0x0 /usr/local/Cellar/arm-none-eabi-gcc/7-2018-q2-update/gcc/bin/../lib/gcc/arm-none-eabi/7.3.1/../../../../arm-none-eabi/lib/thumb/v7e-m/crt0.o
 .ARM.exidx     0x0000000000000000        0x8 /usr/local/Cellar/arm-none-eabi-gcc/7-2018-q2-update/gcc/bin/../lib/gcc/arm-none-eabi/7.3.1/../../../../arm-none-eabi/lib/thumb/v7e-m/crt0.o
 .ARM.attributes
                0x0000000000000000       0x1c /usr/local/Cellar/arm-none-eabi-gcc/7-2018-q2-update/gcc/bin/../lib/gcc/arm-none-eabi/7.3.1/../../../../arm-none-eabi/lib/thumb/v7e-m/crt0.o
 .text          0x0000000000000000        0x0 /Users/seth/tbm/src/blinky_simple/build/src/main.o
 .data          0x0000000000000000        0x0 /Users/seth/tbm/src/blinky_simple/build/src/main.o
 .bss           0x0000000000000000        0x0 /Users/seth/tbm/src/blinky_simple/build/src/main.o
 .text          0x0000000000000000        0x0 /Users/seth/tbm/src/blinky_simple/build/common/delay.o
 .data          0x0000000000000000        0x0 /Users/seth/tbm/src/blinky_simple/build/common/delay.o
 .bss           0x0000000000000000        0x0 /Users/seth/tbm/src/blinky_simple/build/common/delay.o
 .text.delay_ms_systick
                0x0000000000000000       0x20 /Users/seth/tbm/src/blinky_simple/build/common/delay.o
 .text.delay_us_simple
                0x0000000000000000       0x14 /Users/seth/tbm/src/blinky_simple/build/common/delay.o
 .text.delay_ms_simple
                0x0000000000000000       0x20 /Users/seth/tbm/src/blinky_simple/build/common/delay.o
 .comment       0x0000000000000000       0x80 /Users/seth/tbm/src/blinky_simple/build/common/delay.o
 .ARM.attributes
                0x0000000000000000       0x33 /Users/seth/tbm/src/blinky_simple/build/common/delay.o
 .text          0x0000000000000000        0x0 /Users/seth/tbm/src/blinky_simple/build/common/interrupt.o
 .data          0x0000000000000000        0x0 /Users/seth/tbm/src/blinky_simple/build/common/interrupt.o
 .bss           0x0000000000000000        0x0 /Users/seth/tbm/src/blinky_simple/build/common/interrupt.o
 .text          0x0000000000000000        0x0 /Users/seth/tbm/src/blinky_simple/build/common/startup.o
 .data          0x0000000000000000        0x0 /Users/seth/tbm/src/blinky_simple/build/common/startup.o
 .bss           0x0000000000000000        0x0 /Users/seth/tbm/src/blinky_simple/build/common/startup.o
 .text          0x0000000000000000        0x0 /Users/seth/tbm/src/blinky_simple/build/common/systick.o
 .data          0x0000000000000000        0x0 /Users/seth/tbm/src/blinky_simple/build/common/systick.o
 .bss           0x0000000000000000        0x0 /Users/seth/tbm/src/blinky_simple/build/common/systick.o
 .text.systick_init
                0x0000000000000000       0x14 /Users/seth/tbm/src/blinky_simple/build/common/systick.o
 .text.systick_get_ms
                0x0000000000000000       0x30 /Users/seth/tbm/src/blinky_simple/build/common/systick.o
 .bss.systick_ticks
                0x0000000000000000        0x4 /Users/seth/tbm/src/blinky_simple/build/common/systick.o
 .comment       0x0000000000000000       0x80 /Users/seth/tbm/src/blinky_simple/build/common/systick.o
 .ARM.attributes
                0x0000000000000000       0x33 /Users/seth/tbm/src/blinky_simple/build/common/systick.o
 .text          0x0000000000000000        0x0 /Users/seth/tbm/src/blinky_simple/build/common/uart.o
 .data          0x0000000000000000        0x0 /Users/seth/tbm/src/blinky_simple/build/common/uart.o
 .bss           0x0000000000000000        0x0 /Users/seth/tbm/src/blinky_simple/build/common/uart.o
 .text.uart_get_port_index
                0x0000000000000000       0x40 /Users/seth/tbm/src/blinky_simple/build/common/uart.o
 .text.uart_setup
                0x0000000000000000       0x8c /Users/seth/tbm/src/blinky_simple/build/common/uart.o
 .text.uart_putchar
                0x0000000000000000        0xa /Users/seth/tbm/src/blinky_simple/build/common/uart.o
 .text.uart_putline
                0x0000000000000000       0x28 /Users/seth/tbm/src/blinky_simple/build/common/uart.o
 .comment       0x0000000000000000       0x80 /Users/seth/tbm/src/blinky_simple/build/common/uart.o
 .ARM.attributes
                0x0000000000000000       0x33 /Users/seth/tbm/src/blinky_simple/build/common/uart.o
 .text          0x0000000000000000        0x0 /Users/seth/tbm/src/blinky_simple/build/common/watchdog.o
 .data          0x0000000000000000        0x0 /Users/seth/tbm/src/blinky_simple/build/common/watchdog.o
 .bss           0x0000000000000000        0x0 /Users/seth/tbm/src/blinky_simple/build/common/watchdog.o
 .text          0x0000000000000000        0x0 /usr/local/Cellar/arm-none-eabi-gcc/7-2018-q2-update/gcc/bin/../lib/gcc/arm-none-eabi/7.3.1/../../../../arm-none-eabi/lib/thumb/v7e-m/libc.a(lib_a-exit.o)
 .data          0x0000000000000000        0x0 /usr/local/Cellar/arm-none-eabi-gcc/7-2018-q2-update/gcc/bin/../lib/gcc/arm-none-eabi/7.3.1/../../../../arm-none-eabi/lib/thumb/v7e-m/libc.a(lib_a-exit.o)
 .bss           0x0000000000000000        0x0 /usr/local/Cellar/arm-none-eabi-gcc/7-2018-q2-update/gcc/bin/../lib/gcc/arm-none-eabi/7.3.1/../../../../arm-none-eabi/lib/thumb/v7e-m/libc.a(lib_a-exit.o)
 .text.exit     0x0000000000000000       0x20 /usr/local/Cellar/arm-none-eabi-gcc/7-2018-q2-update/gcc/bin/../lib/gcc/arm-none-eabi/7.3.1/../../../../arm-none-eabi/lib/thumb/v7e-m/libc.a(lib_a-exit.o)
 .debug_frame   0x0000000000000000       0x28 /usr/local/Cellar/arm-none-eabi-gcc/7-2018-q2-update/gcc/bin/../lib/gcc/arm-none-eabi/7.3.1/../../../../arm-none-eabi/lib/thumb/v7e-m/libc.a(lib_a-exit.o)
 .ARM.attributes
                0x0000000000000000       0x2e /usr/local/Cellar/arm-none-eabi-gcc/7-2018-q2-update/gcc/bin/../lib/gcc/arm-none-eabi/7.3.1/../../../../arm-none-eabi/lib/thumb/v7e-m/libc.a(lib_a-exit.o)
 .text          0x0000000000000000        0x0 /usr/local/Cellar/arm-none-eabi-gcc/7-2018-q2-update/gcc/bin/../lib/gcc/arm-none-eabi/7.3.1/../../../../arm-none-eabi/lib/thumb/v7e-m/libc.a(lib_a-impure.o)
 .data          0x0000000000000000        0x0 /usr/local/Cellar/arm-none-eabi-gcc/7-2018-q2-update/gcc/bin/../lib/gcc/arm-none-eabi/7.3.1/../../../../arm-none-eabi/lib/thumb/v7e-m/libc.a(lib_a-impure.o)
 .bss           0x0000000000000000        0x0 /usr/local/Cellar/arm-none-eabi-gcc/7-2018-q2-update/gcc/bin/../lib/gcc/arm-none-eabi/7.3.1/../../../../arm-none-eabi/lib/thumb/v7e-m/libc.a(lib_a-impure.o)
 .data._impure_ptr
                0x0000000000000000        0x4 /usr/local/Cellar/arm-none-eabi-gcc/7-2018-q2-update/gcc/bin/../lib/gcc/arm-none-eabi/7.3.1/../../../../arm-none-eabi/lib/thumb/v7e-m/libc.a(lib_a-impure.o)
 .data.impure_data
                0x0000000000000000      0x428 /usr/local/Cellar/arm-none-eabi-gcc/7-2018-q2-update/gcc/bin/../lib/gcc/arm-none-eabi/7.3.1/../../../../arm-none-eabi/lib/thumb/v7e-m/libc.a(lib_a-impure.o)
 .rodata._global_impure_ptr
                0x0000000000000000        0x4 /usr/local/Cellar/arm-none-eabi-gcc/7-2018-q2-update/gcc/bin/../lib/gcc/arm-none-eabi/7.3.1/../../../../arm-none-eabi/lib/thumb/v7e-m/libc.a(lib_a-impure.o)
 .ARM.attributes
                0x0000000000000000       0x2e /usr/local/Cellar/arm-none-eabi-gcc/7-2018-q2-update/gcc/bin/../lib/gcc/arm-none-eabi/7.3.1/../../../../arm-none-eabi/lib/thumb/v7e-m/libc.a(lib_a-impure.o)
 .text          0x0000000000000000        0x0 /usr/local/Cellar/arm-none-eabi-gcc/7-2018-q2-update/gcc/bin/../lib/gcc/arm-none-eabi/7.3.1/../../../../arm-none-eabi/lib/thumb/v7e-m/libc.a(lib_a-init.o)
 .data          0x0000000000000000        0x0 /usr/local/Cellar/arm-none-eabi-gcc/7-2018-q2-update/gcc/bin/../lib/gcc/arm-none-eabi/7.3.1/../../../../arm-none-eabi/lib/thumb/v7e-m/libc.a(lib_a-init.o)
 .bss           0x0000000000000000        0x0 /usr/local/Cellar/arm-none-eabi-gcc/7-2018-q2-update/gcc/bin/../lib/gcc/arm-none-eabi/7.3.1/../../../../arm-none-eabi/lib/thumb/v7e-m/libc.a(lib_a-init.o)
 .text.__libc_init_array
                0x0000000000000000       0x48 /usr/local/Cellar/arm-none-eabi-gcc/7-2018-q2-update/gcc/bin/../lib/gcc/arm-none-eabi/7.3.1/../../../../arm-none-eabi/lib/thumb/v7e-m/libc.a(lib_a-init.o)
 .debug_frame   0x0000000000000000       0x2c /usr/local/Cellar/arm-none-eabi-gcc/7-2018-q2-update/gcc/bin/../lib/gcc/arm-none-eabi/7.3.1/../../../../arm-none-eabi/lib/thumb/v7e-m/libc.a(lib_a-init.o)
 .ARM.attributes
                0x0000000000000000       0x2e /usr/local/Cellar/arm-none-eabi-gcc/7-2018-q2-update/gcc/bin/../lib/gcc/arm-none-eabi/7.3.1/../../../../arm-none-eabi/lib/thumb/v7e-m/libc.a(lib_a-init.o)
 .text          0x0000000000000000        0x0 /usr/local/Cellar/arm-none-eabi-gcc/7-2018-q2-update/gcc/bin/../lib/gcc/arm-none-eabi/7.3.1/../../../../arm-none-eabi/lib/thumb/v7e-m/libc.a(lib_a-memset.o)
 .data          0x0000000000000000        0x0 /usr/local/Cellar/arm-none-eabi-gcc/7-2018-q2-update/gcc/bin/../lib/gcc/arm-none-eabi/7.3.1/../../../../arm-none-eabi/lib/thumb/v7e-m/libc.a(lib_a-memset.o)
 .bss           0x0000000000000000        0x0 /usr/local/Cellar/arm-none-eabi-gcc/7-2018-q2-update/gcc/bin/../lib/gcc/arm-none-eabi/7.3.1/../../../../arm-none-eabi/lib/thumb/v7e-m/libc.a(lib_a-memset.o)
 .text.memset   0x0000000000000000       0x94 /usr/local/Cellar/arm-none-eabi-gcc/7-2018-q2-update/gcc/bin/../lib/gcc/arm-none-eabi/7.3.1/../../../../arm-none-eabi/lib/thumb/v7e-m/libc.a(lib_a-memset.o)
 .debug_frame   0x0000000000000000       0x38 /usr/local/Cellar/arm-none-eabi-gcc/7-2018-q2-update/gcc/bin/../lib/gcc/arm-none-eabi/7.3.1/../../../../arm-none-eabi/lib/thumb/v7e-m/libc.a(lib_a-memset.o)
 .ARM.attributes
                0x0000000000000000       0x2e /usr/local/Cellar/arm-none-eabi-gcc/7-2018-q2-update/gcc/bin/../lib/gcc/arm-none-eabi/7.3.1/../../../../arm-none-eabi/lib/thumb/v7e-m/libc.a(lib_a-memset.o)
 .text          0x0000000000000000        0x0 /usr/local/Cellar/arm-none-eabi-gcc/7-2018-q2-update/gcc/bin/../lib/gcc/arm-none-eabi/7.3.1/../../../../arm-none-eabi/lib/thumb/v7e-m/libc.a(lib_a-__call_atexit.o)
 .data          0x0000000000000000        0x0 /usr/local/Cellar/arm-none-eabi-gcc/7-2018-q2-update/gcc/bin/../lib/gcc/arm-none-eabi/7.3.1/../../../../arm-none-eabi/lib/thumb/v7e-m/libc.a(lib_a-__call_atexit.o)
 .bss           0x0000000000000000        0x0 /usr/local/Cellar/arm-none-eabi-gcc/7-2018-q2-update/gcc/bin/../lib/gcc/arm-none-eabi/7.3.1/../../../../arm-none-eabi/lib/thumb/v7e-m/libc.a(lib_a-__call_atexit.o)
 .text.startup.register_fini
                0x0000000000000000       0x14 /usr/local/Cellar/arm-none-eabi-gcc/7-2018-q2-update/gcc/bin/../lib/gcc/arm-none-eabi/7.3.1/../../../../arm-none-eabi/lib/thumb/v7e-m/libc.a(lib_a-__call_atexit.o)
 .init_array.00000
                0x0000000000000000        0x4 /usr/local/Cellar/arm-none-eabi-gcc/7-2018-q2-update/gcc/bin/../lib/gcc/arm-none-eabi/7.3.1/../../../../arm-none-eabi/lib/thumb/v7e-m/libc.a(lib_a-__call_atexit.o)
 .text.__call_exitprocs
                0x0000000000000000       0xe8 /usr/local/Cellar/arm-none-eabi-gcc/7-2018-q2-update/gcc/bin/../lib/gcc/arm-none-eabi/7.3.1/../../../../arm-none-eabi/lib/thumb/v7e-m/libc.a(lib_a-__call_atexit.o)
 .data.__atexit_recursive_mutex
                0x0000000000000000        0x4 /usr/local/Cellar/arm-none-eabi-gcc/7-2018-q2-update/gcc/bin/../lib/gcc/arm-none-eabi/7.3.1/../../../../arm-none-eabi/lib/thumb/v7e-m/libc.a(lib_a-__call_atexit.o)
 .debug_frame   0x0000000000000000       0x5c /usr/local/Cellar/arm-none-eabi-gcc/7-2018-q2-update/gcc/bin/../lib/gcc/arm-none-eabi/7.3.1/../../../../arm-none-eabi/lib/thumb/v7e-m/libc.a(lib_a-__call_atexit.o)
 .ARM.attributes
                0x0000000000000000       0x2e /usr/local/Cellar/arm-none-eabi-gcc/7-2018-q2-update/gcc/bin/../lib/gcc/arm-none-eabi/7.3.1/../../../../arm-none-eabi/lib/thumb/v7e-m/libc.a(lib_a-__call_atexit.o)
 .text          0x0000000000000000        0x0 /usr/local/Cellar/arm-none-eabi-gcc/7-2018-q2-update/gcc/bin/../lib/gcc/arm-none-eabi/7.3.1/../../../../arm-none-eabi/lib/thumb/v7e-m/libc.a(lib_a-atexit.o)
 .data          0x0000000000000000        0x0 /usr/local/Cellar/arm-none-eabi-gcc/7-2018-q2-update/gcc/bin/../lib/gcc/arm-none-eabi/7.3.1/../../../../arm-none-eabi/lib/thumb/v7e-m/libc.a(lib_a-atexit.o)
 .bss           0x0000000000000000        0x0 /usr/local/Cellar/arm-none-eabi-gcc/7-2018-q2-update/gcc/bin/../lib/gcc/arm-none-eabi/7.3.1/../../../../arm-none-eabi/lib/thumb/v7e-m/libc.a(lib_a-atexit.o)
 .text.atexit   0x0000000000000000        0xc /usr/local/Cellar/arm-none-eabi-gcc/7-2018-q2-update/gcc/bin/../lib/gcc/arm-none-eabi/7.3.1/../../../../arm-none-eabi/lib/thumb/v7e-m/libc.a(lib_a-atexit.o)
 .debug_frame   0x0000000000000000       0x20 /usr/local/Cellar/arm-none-eabi-gcc/7-2018-q2-update/gcc/bin/../lib/gcc/arm-none-eabi/7.3.1/../../../../arm-none-eabi/lib/thumb/v7e-m/libc.a(lib_a-atexit.o)
 .ARM.attributes
                0x0000000000000000       0x2e /usr/local/Cellar/arm-none-eabi-gcc/7-2018-q2-update/gcc/bin/../lib/gcc/arm-none-eabi/7.3.1/../../../../arm-none-eabi/lib/thumb/v7e-m/libc.a(lib_a-atexit.o)
 .text          0x0000000000000000        0x0 /usr/local/Cellar/arm-none-eabi-gcc/7-2018-q2-update/gcc/bin/../lib/gcc/arm-none-eabi/7.3.1/../../../../arm-none-eabi/lib/thumb/v7e-m/libc.a(lib_a-fini.o)
 .data          0x0000000000000000        0x0 /usr/local/Cellar/arm-none-eabi-gcc/7-2018-q2-update/gcc/bin/../lib/gcc/arm-none-eabi/7.3.1/../../../../arm-none-eabi/lib/thumb/v7e-m/libc.a(lib_a-fini.o)
 .bss           0x0000000000000000        0x0 /usr/local/Cellar/arm-none-eabi-gcc/7-2018-q2-update/gcc/bin/../lib/gcc/arm-none-eabi/7.3.1/../../../../arm-none-eabi/lib/thumb/v7e-m/libc.a(lib_a-fini.o)
 .text.__libc_fini_array
                0x0000000000000000       0x34 /usr/local/Cellar/arm-none-eabi-gcc/7-2018-q2-update/gcc/bin/../lib/gcc/arm-none-eabi/7.3.1/../../../../arm-none-eabi/lib/thumb/v7e-m/libc.a(lib_a-fini.o)
 .debug_frame   0x0000000000000000       0x34 /usr/local/Cellar/arm-none-eabi-gcc/7-2018-q2-update/gcc/bin/../lib/gcc/arm-none-eabi/7.3.1/../../../../arm-none-eabi/lib/thumb/v7e-m/libc.a(lib_a-fini.o)
 .ARM.attributes
                0x0000000000000000       0x2e /usr/local/Cellar/arm-none-eabi-gcc/7-2018-q2-update/gcc/bin/../lib/gcc/arm-none-eabi/7.3.1/../../../../arm-none-eabi/lib/thumb/v7e-m/libc.a(lib_a-fini.o)
 .text          0x0000000000000000        0x0 /usr/local/Cellar/arm-none-eabi-gcc/7-2018-q2-update/gcc/bin/../lib/gcc/arm-none-eabi/7.3.1/../../../../arm-none-eabi/lib/thumb/v7e-m/libc.a(lib_a-lock.o)
 .data          0x0000000000000000        0x0 /usr/local/Cellar/arm-none-eabi-gcc/7-2018-q2-update/gcc/bin/../lib/gcc/arm-none-eabi/7.3.1/../../../../arm-none-eabi/lib/thumb/v7e-m/libc.a(lib_a-lock.o)
 .bss           0x0000000000000000        0x0 /usr/local/Cellar/arm-none-eabi-gcc/7-2018-q2-update/gcc/bin/../lib/gcc/arm-none-eabi/7.3.1/../../../../arm-none-eabi/lib/thumb/v7e-m/libc.a(lib_a-lock.o)
 .text.__retarget_lock_init
                0x0000000000000000        0x4 /usr/local/Cellar/arm-none-eabi-gcc/7-2018-q2-update/gcc/bin/../lib/gcc/arm-none-eabi/7.3.1/../../../../arm-none-eabi/lib/thumb/v7e-m/libc.a(lib_a-lock.o)
 .text.__retarget_lock_init_recursive
                0x0000000000000000        0x4 /usr/local/Cellar/arm-none-eabi-gcc/7-2018-q2-update/gcc/bin/../lib/gcc/arm-none-eabi/7.3.1/../../../../arm-none-eabi/lib/thumb/v7e-m/libc.a(lib_a-lock.o)
 .text.__retarget_lock_close
                0x0000000000000000        0x4 /usr/local/Cellar/arm-none-eabi-gcc/7-2018-q2-update/gcc/bin/../lib/gcc/arm-none-eabi/7.3.1/../../../../arm-none-eabi/lib/thumb/v7e-m/libc.a(lib_a-lock.o)
 .text.__retarget_lock_close_recursive
                0x0000000000000000        0x4 /usr/local/Cellar/arm-none-eabi-gcc/7-2018-q2-update/gcc/bin/../lib/gcc/arm-none-eabi/7.3.1/../../../../arm-none-eabi/lib/thumb/v7e-m/libc.a(lib_a-lock.o)
 .text.__retarget_lock_acquire
                0x0000000000000000        0x4 /usr/local/Cellar/arm-none-eabi-gcc/7-2018-q2-update/gcc/bin/../lib/gcc/arm-none-eabi/7.3.1/../../../../arm-none-eabi/lib/thumb/v7e-m/libc.a(lib_a-lock.o)
 .text.__retarget_lock_acquire_recursive
                0x0000000000000000        0x4 /usr/local/Cellar/arm-none-eabi-gcc/7-2018-q2-update/gcc/bin/../lib/gcc/arm-none-eabi/7.3.1/../../../../arm-none-eabi/lib/thumb/v7e-m/libc.a(lib_a-lock.o)
 .text.__retarget_lock_try_acquire
                0x0000000000000000        0x4 /usr/local/Cellar/arm-none-eabi-gcc/7-2018-q2-update/gcc/bin/../lib/gcc/arm-none-eabi/7.3.1/../../../../arm-none-eabi/lib/thumb/v7e-m/libc.a(lib_a-lock.o)
 .text.__retarget_lock_try_acquire_recursive
                0x0000000000000000        0x4 /usr/local/Cellar/arm-none-eabi-gcc/7-2018-q2-update/gcc/bin/../lib/gcc/arm-none-eabi/7.3.1/../../../../arm-none-eabi/lib/thumb/v7e-m/libc.a(lib_a-lock.o)
 .text.__retarget_lock_release
                0x0000000000000000        0x4 /usr/local/Cellar/arm-none-eabi-gcc/7-2018-q2-update/gcc/bin/../lib/gcc/arm-none-eabi/7.3.1/../../../../arm-none-eabi/lib/thumb/v7e-m/libc.a(lib_a-lock.o)
 .text.__retarget_lock_release_recursive
                0x0000000000000000        0x4 /usr/local/Cellar/arm-none-eabi-gcc/7-2018-q2-update/gcc/bin/../lib/gcc/arm-none-eabi/7.3.1/../../../../arm-none-eabi/lib/thumb/v7e-m/libc.a(lib_a-lock.o)
 .debug_frame   0x0000000000000000       0xb0 /usr/local/Cellar/arm-none-eabi-gcc/7-2018-q2-update/gcc/bin/../lib/gcc/arm-none-eabi/7.3.1/../../../../arm-none-eabi/lib/thumb/v7e-m/libc.a(lib_a-lock.o)
 .ARM.attributes
                0x0000000000000000       0x2e /usr/local/Cellar/arm-none-eabi-gcc/7-2018-q2-update/gcc/bin/../lib/gcc/arm-none-eabi/7.3.1/../../../../arm-none-eabi/lib/thumb/v7e-m/libc.a(lib_a-lock.o)
 COMMON         0x0000000000000000       0x21 /usr/local/Cellar/arm-none-eabi-gcc/7-2018-q2-update/gcc/bin/../lib/gcc/arm-none-eabi/7.3.1/../../../../arm-none-eabi/lib/thumb/v7e-m/libc.a(lib_a-lock.o)
 .text          0x0000000000000000        0x0 /usr/local/Cellar/arm-none-eabi-gcc/7-2018-q2-update/gcc/bin/../lib/gcc/arm-none-eabi/7.3.1/../../../../arm-none-eabi/lib/thumb/v7e-m/libc.a(lib_a-__atexit.o)
 .data          0x0000000000000000        0x0 /usr/local/Cellar/arm-none-eabi-gcc/7-2018-q2-update/gcc/bin/../lib/gcc/arm-none-eabi/7.3.1/../../../../arm-none-eabi/lib/thumb/v7e-m/libc.a(lib_a-__atexit.o)
 .bss           0x0000000000000000        0x0 /usr/local/Cellar/arm-none-eabi-gcc/7-2018-q2-update/gcc/bin/../lib/gcc/arm-none-eabi/7.3.1/../../../../arm-none-eabi/lib/thumb/v7e-m/libc.a(lib_a-__atexit.o)
 .text.__register_exitproc
                0x0000000000000000       0xc0 /usr/local/Cellar/arm-none-eabi-gcc/7-2018-q2-update/gcc/bin/../lib/gcc/arm-none-eabi/7.3.1/../../../../arm-none-eabi/lib/thumb/v7e-m/libc.a(lib_a-__atexit.o)
 .debug_frame   0x0000000000000000       0x34 /usr/local/Cellar/arm-none-eabi-gcc/7-2018-q2-update/gcc/bin/../lib/gcc/arm-none-eabi/7.3.1/../../../../arm-none-eabi/lib/thumb/v7e-m/libc.a(lib_a-__atexit.o)
 .ARM.attributes
                0x0000000000000000       0x2e /usr/local/Cellar/arm-none-eabi-gcc/7-2018-q2-update/gcc/bin/../lib/gcc/arm-none-eabi/7.3.1/../../../../arm-none-eabi/lib/thumb/v7e-m/libc.a(lib_a-__atexit.o)
 .text          0x0000000000000000        0x0 /usr/local/Cellar/arm-none-eabi-gcc/7-2018-q2-update/gcc/bin/../lib/gcc/arm-none-eabi/7.3.1/thumb/v7e-m/crtend.o
 .data          0x0000000000000000        0x0 /usr/local/Cellar/arm-none-eabi-gcc/7-2018-q2-update/gcc/bin/../lib/gcc/arm-none-eabi/7.3.1/thumb/v7e-m/crtend.o
 .bss           0x0000000000000000        0x0 /usr/local/Cellar/arm-none-eabi-gcc/7-2018-q2-update/gcc/bin/../lib/gcc/arm-none-eabi/7.3.1/thumb/v7e-m/crtend.o
 .eh_frame      0x0000000000000000        0x4 /usr/local/Cellar/arm-none-eabi-gcc/7-2018-q2-update/gcc/bin/../lib/gcc/arm-none-eabi/7.3.1/thumb/v7e-m/crtend.o
 .ARM.attributes
                0x0000000000000000       0x2e /usr/local/Cellar/arm-none-eabi-gcc/7-2018-q2-update/gcc/bin/../lib/gcc/arm-none-eabi/7.3.1/thumb/v7e-m/crtend.o
 .text          0x0000000000000000        0x0 /usr/local/Cellar/arm-none-eabi-gcc/7-2018-q2-update/gcc/bin/../lib/gcc/arm-none-eabi/7.3.1/thumb/v7e-m/crtn.o
 .data          0x0000000000000000        0x0 /usr/local/Cellar/arm-none-eabi-gcc/7-2018-q2-update/gcc/bin/../lib/gcc/arm-none-eabi/7.3.1/thumb/v7e-m/crtn.o
 .bss           0x0000000000000000        0x0 /usr/local/Cellar/arm-none-eabi-gcc/7-2018-q2-update/gcc/bin/../lib/gcc/arm-none-eabi/7.3.1/thumb/v7e-m/crtn.o
 .init          0x0000000000000000        0x8 /usr/local/Cellar/arm-none-eabi-gcc/7-2018-q2-update/gcc/bin/../lib/gcc/arm-none-eabi/7.3.1/thumb/v7e-m/crtn.o
 .fini          0x0000000000000000        0x8 /usr/local/Cellar/arm-none-eabi-gcc/7-2018-q2-update/gcc/bin/../lib/gcc/arm-none-eabi/7.3.1/thumb/v7e-m/crtn.o
 .ARM.attributes
                0x0000000000000000       0x1e /usr/local/Cellar/arm-none-eabi-gcc/7-2018-q2-update/gcc/bin/../lib/gcc/arm-none-eabi/7.3.1/thumb/v7e-m/crtn.o

Memory Configuration

Name             Origin             Length             Attributes
FLASH            0x0000000000000000 0x0000000000040000 xr
RAM              0x000000001fff8000 0x0000000000010000 xrw
*default*        0x0000000000000000 0xffffffffffffffff

Linker script and memory map

LOAD /usr/local/Cellar/arm-none-eabi-gcc/7-2018-q2-update/gcc/bin/../lib/gcc/arm-none-eabi/7.3.1/thumb/v7e-m/crti.o
LOAD /usr/local/Cellar/arm-none-eabi-gcc/7-2018-q2-update/gcc/bin/../lib/gcc/arm-none-eabi/7.3.1/thumb/v7e-m/crtbegin.o
LOAD /usr/local/Cellar/arm-none-eabi-gcc/7-2018-q2-update/gcc/bin/../lib/gcc/arm-none-eabi/7.3.1/../../../../arm-none-eabi/lib/thumb/v7e-m/crt0.o
LOAD /usr/local/Cellar/arm-none-eabi-gcc/7-2018-q2-update/gcc/bin/../lib/gcc/arm-none-eabi/7.3.1/../../../../arm-none-eabi/lib/thumb/v7e-m/libm.a
LOAD /Users/seth/tbm/src/blinky_simple/build/src/main.o
LOAD /Users/seth/tbm/src/blinky_simple/build/common/delay.o
LOAD /Users/seth/tbm/src/blinky_simple/build/common/interrupt.o
LOAD /Users/seth/tbm/src/blinky_simple/build/common/startup.o
LOAD /Users/seth/tbm/src/blinky_simple/build/common/systick.o
LOAD /Users/seth/tbm/src/blinky_simple/build/common/uart.o
LOAD /Users/seth/tbm/src/blinky_simple/build/common/watchdog.o
START GROUP
LOAD /usr/local/Cellar/arm-none-eabi-gcc/7-2018-q2-update/gcc/bin/../lib/gcc/arm-none-eabi/7.3.1/thumb/v7e-m/libgcc.a
LOAD /usr/local/Cellar/arm-none-eabi-gcc/7-2018-q2-update/gcc/bin/../lib/gcc/arm-none-eabi/7.3.1/../../../../arm-none-eabi/lib/thumb/v7e-m/libc.a
END GROUP
LOAD /usr/local/Cellar/arm-none-eabi-gcc/7-2018-q2-update/gcc/bin/../lib/gcc/arm-none-eabi/7.3.1/thumb/v7e-m/crtend.o
LOAD /usr/local/Cellar/arm-none-eabi-gcc/7-2018-q2-update/gcc/bin/../lib/gcc/arm-none-eabi/7.3.1/thumb/v7e-m/crtn.o

.text           0x0000000000000000      0x488
                0x0000000000000000                . = 0x0
 *(.vectors)
 .vectors       0x0000000000000000      0x1c0 /Users/seth/tbm/src/blinky_simple/build/common/startup.o
                0x0000000000000000                interrupt_vectors
 *(.startup*)
 .startup       0x00000000000001c0       0xf0 /Users/seth/tbm/src/blinky_simple/build/common/startup.o
                0x00000000000001c0                __startup
                0x0000000000000400                . = 0x400
 *fill*         0x00000000000002b0      0x150 ff
 *(.flashconfig*)
 .flashconfig   0x0000000000000400       0x10 /Users/seth/tbm/src/blinky_simple/build/common/startup.o
                0x0000000000000400                flashconfigbytes
 *(.text*)
 .text.delay    0x0000000000000410       0x20 /Users/seth/tbm/src/blinky_simple/build/src/main.o
                0x0000000000000410                delay
 .text.startup.main
                0x0000000000000430       0x2c /Users/seth/tbm/src/blinky_simple/build/src/main.o
                0x0000000000000430                main
 .text.isr_panic
                0x000000000000045c        0x2 /Users/seth/tbm/src/blinky_simple/build/common/interrupt.o
                0x000000000000045c                isr_panic
 .text.isr_ignore
                0x000000000000045e        0x2 /Users/seth/tbm/src/blinky_simple/build/common/interrupt.o
                0x000000000000045e                isr_ignore
 .text.isr_panic_alias
                0x0000000000000460        0x4 /Users/seth/tbm/src/blinky_simple/build/common/startup.o
                0x0000000000000460                isr_hard_fault
                0x0000000000000460                isr_bus_fault
                0x0000000000000460                isr_non_maskable
                0x0000000000000460                isr_memmanage_fault
                0x0000000000000460                isr_usage_fault
 .text.isr_ignore_alias
                0x0000000000000464        0x4 /Users/seth/tbm/src/blinky_simple/build/common/startup.o
                0x0000000000000464                isr_debug_monitor
                0x0000000000000464                isr_port_b
                0x0000000000000464                isr_cmp1
                0x0000000000000464                isr_i2c1
                0x0000000000000464                isr_i2s0_receive
                0x0000000000000464                isr_dac0
                0x0000000000000464                isr_dma_ch15_complete
                0x0000000000000464                isr_can0_bus_off
                0x0000000000000464                isr_dma_ch2_complete
                0x0000000000000464                isr_pit_ch2
                0x0000000000000464                isr_wdog_or_emw
                0x0000000000000464                isr_port_d
                0x0000000000000464                isr_pendablesrvreq
                0x0000000000000464                isr_adc0
                0x0000000000000464                isr_can0_transmit_warn
                0x0000000000000464                isr_dma_ch12_complete
                0x0000000000000464                isr_i2c0
                0x0000000000000464                isr_spi0
                0x0000000000000464                isr_uart2_status
                0x0000000000000464                isr_port_a
                0x0000000000000464                isr_tsi
                0x0000000000000464                isr_pit_ch3
                0x0000000000000464                isr_dma_ch10_complete
                0x0000000000000464                isr_flash_cmd_complete
                0x0000000000000464                isr_uart2_error
                0x0000000000000464                isr_mcg
                0x0000000000000464                isr_dma_ch11_complete
                0x0000000000000464                isr_flash_read_collision
                0x0000000000000464                isr_lpt
                0x0000000000000464                isr_dma_error
                0x0000000000000464                isr_pit_ch0
                0x0000000000000464                isr_dma_ch3_complete
                0x0000000000000464                isr_pdb
                0x0000000000000464                isr_can0_error
                0x0000000000000464                isr_port_c
                0x0000000000000464                isr_dma_ch7_complete
                0x0000000000000464                isr_dma_ch8_complete
                0x0000000000000464                isr_dma_ch9_complete
                0x0000000000000464                isr_cmp0
                0x0000000000000464                isr_dma_ch1_complete
                0x0000000000000464                isr_uart0_lon
                0x0000000000000464                isr_software
                0x0000000000000464                isr_cmp2
                0x0000000000000464                isr_uart0_error
                0x0000000000000464                isr_usb_otg
                0x0000000000000464                isr_spi1
                0x0000000000000464                isr_dma_ch4_complete
                0x0000000000000464                isr_can0_wakeup
                0x0000000000000464                isr_low_voltage_wakeup
                0x0000000000000464                isr_ftm0
                0x0000000000000464                isr_dma_ch5_complete
                0x0000000000000464                isr_dma_ch14_complete
                0x0000000000000464                isr_dma_ch13_complete
                0x0000000000000464                isr_dma_ch0_complete
                0x0000000000000464                isr_port_e
                0x0000000000000464                isr_adc1
                0x0000000000000464                isr_usb_charger
                0x0000000000000464                isr_i2s0_transmit
                0x0000000000000464                isr_ftm2
                0x0000000000000464                isr_can0_or_msg_buf
                0x0000000000000464                isr_rtc_seconds
                0x0000000000000464                isr_svcall
                0x0000000000000464                isr_uart0_status
                0x0000000000000464                isr_uart1_error
                0x0000000000000464                isr_can0_receive_warn
                0x0000000000000464                isr_cmt
                0x0000000000000464                isr_pit_ch1
                0x0000000000000464                isr_low_voltage_warning
                0x0000000000000464                isr_rtc_alarm
                0x0000000000000464                isr_ftm1
                0x0000000000000464                isr_dma_ch6_complete
                0x0000000000000464                isr_systick
                0x0000000000000464                isr_uart1_status
 .text.watchdog_hook_default
                0x0000000000000468        0x4 /Users/seth/tbm/src/blinky_simple/build/common/startup.o
                0x0000000000000468                startup_watchdog_hook
 .text.watchdog_disable
                0x000000000000046c       0x1c /Users/seth/tbm/src/blinky_simple/build/common/watchdog.o
                0x000000000000046c                watchdog_disable
 *(.rodata*)

.glue_7         0x0000000000000488        0x0
 .glue_7        0x0000000000000488        0x0 linker stubs

.glue_7t        0x0000000000000488        0x0
 .glue_7t       0x0000000000000488        0x0 linker stubs

.vfp11_veneer   0x0000000000000488        0x0
 .vfp11_veneer  0x0000000000000488        0x0 linker stubs

.v4_bx          0x0000000000000488        0x0
 .v4_bx         0x0000000000000488        0x0 linker stubs

.init           0x0000000000000488        0x4
 .init          0x0000000000000488        0x4 /usr/local/Cellar/arm-none-eabi-gcc/7-2018-q2-update/gcc/bin/../lib/gcc/arm-none-eabi/7.3.1/thumb/v7e-m/crti.o
                0x0000000000000488                _init

.fini           0x000000000000048c        0x4
 .fini          0x000000000000048c        0x4 /usr/local/Cellar/arm-none-eabi-gcc/7-2018-q2-update/gcc/bin/../lib/gcc/arm-none-eabi/7.3.1/thumb/v7e-m/crti.o
                0x000000000000048c                _fini

.iplt           0x0000000000000490        0x0
 .iplt          0x0000000000000490        0x0 /Users/seth/tbm/src/blinky_simple/build/src/main.o

.rel.dyn        0x0000000000000490        0x0
 .rel.iplt      0x0000000000000490        0x0 /Users/seth/tbm/src/blinky_simple/build/src/main.o
                0x0000000000000490                . = ALIGN (0x4)
                0x0000000000000490                _etext = .

.data           0x000000001fff8000        0x0 load address 0x0000000000000490
                0x000000001fff8000                . = ALIGN (0x4)
                0x000000001fff8000                _sdata = .
 *(.data*)
                0x000000001fff8000                . = ALIGN (0x4)
                0x000000001fff8000                _edata = .

.igot.plt       0x000000001fff8000        0x0
 .igot.plt      0x000000001fff8000        0x0 /Users/seth/tbm/src/blinky_simple/build/src/main.o

.bss            0x000000001fff8000        0x0
                0x000000001fff8000                . = ALIGN (0x4)
                0x000000001fff8000                _sbss = .
 *(.bss*)
 *(COMMON)
                0x000000001fff8000                . = ALIGN (0x4)
                0x000000001fff8000                _ebss = .
                0x0000000020008000                _eram = (ORIGIN (RAM) + LENGTH (RAM))
OUTPUT(/Users/seth/tbm/src/blinky_simple/build/blinky_simple.elf elf32-littlearm)

.ARM.attributes
                0x0000000000000000       0x2a
 .ARM.attributes
                0x0000000000000000       0x1e /usr/local/Cellar/arm-none-eabi-gcc/7-2018-q2-update/gcc/bin/../lib/gcc/arm-none-eabi/7.3.1/thumb/v7e-m/crti.o
 .ARM.attributes
                0x000000000000001e       0x33 /Users/seth/tbm/src/blinky_simple/build/src/main.o
 .ARM.attributes
                0x0000000000000051       0x33 /Users/seth/tbm/src/blinky_simple/build/common/interrupt.o
 .ARM.attributes
                0x0000000000000084       0x33 /Users/seth/tbm/src/blinky_simple/build/common/startup.o
 .ARM.attributes
                0x00000000000000b7       0x33 /Users/seth/tbm/src/blinky_simple/build/common/watchdog.o

.comment        0x0000000000000000       0x7f
 .comment       0x0000000000000000       0x7f /Users/seth/tbm/src/blinky_simple/build/src/main.o
                                         0x80 (size before relaxing)
 .comment       0x000000000000007f       0x80 /Users/seth/tbm/src/blinky_simple/build/common/interrupt.o
 .comment       0x000000000000007f       0x80 /Users/seth/tbm/src/blinky_simple/build/common/startup.o
 .comment       0x000000000000007f       0x80 /Users/seth/tbm/src/blinky_simple/build/common/watchdog.o
